info: INFO: Symbol EXAMPLE_WIFI_SSID defined in multiple locations (see below). Please check if this is a correct behavior or a random name match:
    /home/survivor/esp/esp-idf/examples/common_components/protocol_examples_common/Kconfig.projbuild:28
    /home/survivor/Desktop/sound_classification_file_serving/main/Kconfig.projbuild:24
info: INFO: Symbol EXAMPLE_WIFI_PASSWORD defined in multiple locations (see below). Please check if this is a correct behavior or a random name match:
    /home/survivor/esp/esp-idf/examples/common_components/protocol_examples_common/Kconfig.projbuild:35
    /home/survivor/Desktop/sound_classification_file_serving/main/Kconfig.projbuild:30
info: INFO: Symbol EXAMPLE_PIN_CLK defined in multiple locations (see below). Please check if this is a correct behavior or a random name match:
    /home/survivor/Desktop/sound_classification_file_serving/main/Kconfig.projbuild:76
    /home/survivor/Desktop/sound_classification_file_serving/main/Kconfig.projbuild:52
CMake Deprecation Warning at /home/survivor/esp/esp-idf/components/mbedtls/mbedtls/CMakeLists.txt:21 (cmake_minimum_required):
  Compatibility with CMake < 3.10 will be removed from a future version of
  CMake.

  Update the VERSION argument <min> value.  Or, use the <min>...<max> syntax
  to tell CMake that the project requires at least <min> but has been updated
  to work with policies introduced by <max> or earlier.


Traceback (most recent call last):
  File "/home/survivor/esp/esp-idf/components/partition_table/gen_esp32part.py", line 536, in parse_int
    return int(v, 0)
           ^^^^^^^^^
ValueError: invalid literal for int() with base 0: '0xE00000   # 14MB for your app!'

During handling of the above exception, another exception occurred:

Traceback (most recent call last):
  File "/home/survivor/esp/esp-idf/components/partition_table/gen_esp32part.py", line 188, in from_csv
    res.append(PartitionDefinition.from_csv(line, line_no + 1))
               ^^^^^^^^^^^^^^^^^^^^^^^^^^^^^^^^^^^^^^^^^^^^^^^
  File "/home/survivor/esp/esp-idf/components/partition_table/gen_esp32part.py", line 377, in from_csv
    res.size = res.parse_address(fields[4])
               ^^^^^^^^^^^^^^^^^^^^^^^^^^^^
  File "/home/survivor/esp/esp-idf/components/partition_table/gen_esp32part.py", line 434, in parse_address
    return parse_int(strval)
           ^^^^^^^^^^^^^^^^^
  File "/home/survivor/esp/esp-idf/components/partition_table/gen_esp32part.py", line 539, in parse_int
    raise InputError('Invalid field value %s' % v)
gen_esp32part.InputError: Invalid field value 0xE00000   # 14MB for your app!

During handling of the above exception, another exception occurred:

Traceback (most recent call last):
  File "/home/survivor/esp/esp-idf/components/partition_table/parttool.py", line 363, in <module>
    main()
  File "/home/survivor/esp/esp-idf/components/partition_table/parttool.py", line 332, in main
    target = ParttoolTarget(**target_args)
             ^^^^^^^^^^^^^^^^^^^^^^^^^^^^^
  File "/home/survivor/esp/esp-idf/components/partition_table/parttool.py", line 97, in __init__
    partition_table = gen.PartitionTable.from_csv(f.read())
                      ^^^^^^^^^^^^^^^^^^^^^^^^^^^^^^^^^^^^^
  File "/home/survivor/esp/esp-idf/components/partition_table/gen_esp32part.py", line 190, in from_csv
    raise InputError('Error at line %d: %s\nPlease check extra_partition_subtypes.inc file in build/config directory' % (line_no + 1, err))
gen_esp32part.InputError: Error at line 4: Invalid field value 0xE00000   # 14MB for your app!
Please check extra_partition_subtypes.inc file in build/config directory
Traceback (most recent call last):
  File "/home/survivor/esp/esp-idf/components/partition_table/gen_esp32part.py", line 536, in parse_int
    return int(v, 0)
           ^^^^^^^^^
ValueError: invalid literal for int() with base 0: '0xE00000   # 14MB for your app!'

During handling of the above exception, another exception occurred:

Traceback (most recent call last):
  File "/home/survivor/esp/esp-idf/components/partition_table/gen_esp32part.py", line 188, in from_csv
    res.append(PartitionDefinition.from_csv(line, line_no + 1))
               ^^^^^^^^^^^^^^^^^^^^^^^^^^^^^^^^^^^^^^^^^^^^^^^
  File "/home/survivor/esp/esp-idf/components/partition_table/gen_esp32part.py", line 377, in from_csv
    res.size = res.parse_address(fields[4])
               ^^^^^^^^^^^^^^^^^^^^^^^^^^^^
  File "/home/survivor/esp/esp-idf/components/partition_table/gen_esp32part.py", line 434, in parse_address
    return parse_int(strval)
           ^^^^^^^^^^^^^^^^^
  File "/home/survivor/esp/esp-idf/components/partition_table/gen_esp32part.py", line 539, in parse_int
    raise InputError('Invalid field value %s' % v)
gen_esp32part.InputError: Invalid field value 0xE00000   # 14MB for your app!

During handling of the above exception, another exception occurred:

Traceback (most recent call last):
  File "/home/survivor/esp/esp-idf/components/partition_table/parttool.py", line 363, in <module>
    main()
  File "/home/survivor/esp/esp-idf/components/partition_table/parttool.py", line 332, in main
    target = ParttoolTarget(**target_args)
             ^^^^^^^^^^^^^^^^^^^^^^^^^^^^^
  File "/home/survivor/esp/esp-idf/components/partition_table/parttool.py", line 97, in __init__
    partition_table = gen.PartitionTable.from_csv(f.read())
                      ^^^^^^^^^^^^^^^^^^^^^^^^^^^^^^^^^^^^^
  File "/home/survivor/esp/esp-idf/components/partition_table/gen_esp32part.py", line 190, in from_csv
    raise InputError('Error at line %d: %s\nPlease check extra_partition_subtypes.inc file in build/config directory' % (line_no + 1, err))
gen_esp32part.InputError: Error at line 4: Invalid field value 0xE00000   # 14MB for your app!
Please check extra_partition_subtypes.inc file in build/config directory
Traceback (most recent call last):
  File "/home/survivor/esp/esp-idf/components/partition_table/gen_esp32part.py", line 536, in parse_int
    return int(v, 0)
           ^^^^^^^^^
ValueError: invalid literal for int() with base 0: '0xE00000   # 14MB for your app!'

During handling of the above exception, another exception occurred:

Traceback (most recent call last):
  File "/home/survivor/esp/esp-idf/components/partition_table/gen_esp32part.py", line 188, in from_csv
    res.append(PartitionDefinition.from_csv(line, line_no + 1))
               ^^^^^^^^^^^^^^^^^^^^^^^^^^^^^^^^^^^^^^^^^^^^^^^
  File "/home/survivor/esp/esp-idf/components/partition_table/gen_esp32part.py", line 377, in from_csv
    res.size = res.parse_address(fields[4])
               ^^^^^^^^^^^^^^^^^^^^^^^^^^^^
  File "/home/survivor/esp/esp-idf/components/partition_table/gen_esp32part.py", line 434, in parse_address
    return parse_int(strval)
           ^^^^^^^^^^^^^^^^^
  File "/home/survivor/esp/esp-idf/components/partition_table/gen_esp32part.py", line 539, in parse_int
    raise InputError('Invalid field value %s' % v)
gen_esp32part.InputError: Invalid field value 0xE00000   # 14MB for your app!

During handling of the above exception, another exception occurred:

Traceback (most recent call last):
  File "/home/survivor/esp/esp-idf/components/partition_table/parttool.py", line 363, in <module>
    main()
  File "/home/survivor/esp/esp-idf/components/partition_table/parttool.py", line 332, in main
    target = ParttoolTarget(**target_args)
             ^^^^^^^^^^^^^^^^^^^^^^^^^^^^^
  File "/home/survivor/esp/esp-idf/components/partition_table/parttool.py", line 97, in __init__
    partition_table = gen.PartitionTable.from_csv(f.read())
                      ^^^^^^^^^^^^^^^^^^^^^^^^^^^^^^^^^^^^^
  File "/home/survivor/esp/esp-idf/components/partition_table/gen_esp32part.py", line 190, in from_csv
    raise InputError('Error at line %d: %s\nPlease check extra_partition_subtypes.inc file in build/config directory' % (line_no + 1, err))
gen_esp32part.InputError: Error at line 4: Invalid field value 0xE00000   # 14MB for your app!
Please check extra_partition_subtypes.inc file in build/config directory
Traceback (most recent call last):
  File "/home/survivor/esp/esp-idf/components/partition_table/gen_esp32part.py", line 536, in parse_int
    return int(v, 0)
           ^^^^^^^^^
ValueError: invalid literal for int() with base 0: '0xE00000   # 14MB for your app!'

During handling of the above exception, another exception occurred:

Traceback (most recent call last):
  File "/home/survivor/esp/esp-idf/components/partition_table/gen_esp32part.py", line 188, in from_csv
    res.append(PartitionDefinition.from_csv(line, line_no + 1))
               ^^^^^^^^^^^^^^^^^^^^^^^^^^^^^^^^^^^^^^^^^^^^^^^
  File "/home/survivor/esp/esp-idf/components/partition_table/gen_esp32part.py", line 377, in from_csv
    res.size = res.parse_address(fields[4])
               ^^^^^^^^^^^^^^^^^^^^^^^^^^^^
  File "/home/survivor/esp/esp-idf/components/partition_table/gen_esp32part.py", line 434, in parse_address
    return parse_int(strval)
           ^^^^^^^^^^^^^^^^^
  File "/home/survivor/esp/esp-idf/components/partition_table/gen_esp32part.py", line 539, in parse_int
    raise InputError('Invalid field value %s' % v)
gen_esp32part.InputError: Invalid field value 0xE00000   # 14MB for your app!

During handling of the above exception, another exception occurred:

Traceback (most recent call last):
  File "/home/survivor/esp/esp-idf/components/partition_table/parttool.py", line 363, in <module>
    main()
  File "/home/survivor/esp/esp-idf/components/partition_table/parttool.py", line 332, in main
    target = ParttoolTarget(**target_args)
             ^^^^^^^^^^^^^^^^^^^^^^^^^^^^^
  File "/home/survivor/esp/esp-idf/components/partition_table/parttool.py", line 97, in __init__
    partition_table = gen.PartitionTable.from_csv(f.read())
                      ^^^^^^^^^^^^^^^^^^^^^^^^^^^^^^^^^^^^^
  File "/home/survivor/esp/esp-idf/components/partition_table/gen_esp32part.py", line 190, in from_csv
    raise InputError('Error at line %d: %s\nPlease check extra_partition_subtypes.inc file in build/config directory' % (line_no + 1, err))
gen_esp32part.InputError: Error at line 4: Invalid field value 0xE00000   # 14MB for your app!
Please check extra_partition_subtypes.inc file in build/config directory
Traceback (most recent call last):
  File "/home/survivor/esp/esp-idf/components/partition_table/gen_esp32part.py", line 536, in parse_int
    return int(v, 0)
           ^^^^^^^^^
ValueError: invalid literal for int() with base 0: '0xE00000   # 14MB for your app!'

During handling of the above exception, another exception occurred:

Traceback (most recent call last):
  File "/home/survivor/esp/esp-idf/components/partition_table/gen_esp32part.py", line 188, in from_csv
    res.append(PartitionDefinition.from_csv(line, line_no + 1))
               ^^^^^^^^^^^^^^^^^^^^^^^^^^^^^^^^^^^^^^^^^^^^^^^
  File "/home/survivor/esp/esp-idf/components/partition_table/gen_esp32part.py", line 377, in from_csv
    res.size = res.parse_address(fields[4])
               ^^^^^^^^^^^^^^^^^^^^^^^^^^^^
  File "/home/survivor/esp/esp-idf/components/partition_table/gen_esp32part.py", line 434, in parse_address
    return parse_int(strval)
           ^^^^^^^^^^^^^^^^^
  File "/home/survivor/esp/esp-idf/components/partition_table/gen_esp32part.py", line 539, in parse_int
    raise InputError('Invalid field value %s' % v)
gen_esp32part.InputError: Invalid field value 0xE00000   # 14MB for your app!

During handling of the above exception, another exception occurred:

Traceback (most recent call last):
  File "/home/survivor/esp/esp-idf/components/partition_table/parttool.py", line 363, in <module>
    main()
  File "/home/survivor/esp/esp-idf/components/partition_table/parttool.py", line 332, in main
    target = ParttoolTarget(**target_args)
             ^^^^^^^^^^^^^^^^^^^^^^^^^^^^^
  File "/home/survivor/esp/esp-idf/components/partition_table/parttool.py", line 97, in __init__
    partition_table = gen.PartitionTable.from_csv(f.read())
                      ^^^^^^^^^^^^^^^^^^^^^^^^^^^^^^^^^^^^^
  File "/home/survivor/esp/esp-idf/components/partition_table/gen_esp32part.py", line 190, in from_csv
    raise InputError('Error at line %d: %s\nPlease check extra_partition_subtypes.inc file in build/config directory' % (line_no + 1, err))
gen_esp32part.InputError: Error at line 4: Invalid field value 0xE00000   # 14MB for your app!
Please check extra_partition_subtypes.inc file in build/config directory
CMake Deprecation Warning at managed_components/espressif__esp-cryptoauthlib/CMakeLists.txt:4 (cmake_minimum_required):
  Compatibility with CMake < 3.10 will be removed from a future version of
  CMake.

  Update the VERSION argument <min> value.  Or, use the <min>...<max> syntax
  to tell CMake that the project requires at least <min> but has been updated
  to work with policies introduced by <max> or earlier.


CMake Deprecation Warning at managed_components/espressif__esp-nn/CMakeLists.txt:1 (cmake_minimum_required):
  Compatibility with CMake < 3.10 will be removed from a future version of
  CMake.

  Update the VERSION argument <min> value.  Or, use the <min>...<max> syntax
  to tell CMake that the project requires at least <min> but has been updated
  to work with policies introduced by <max> or earlier.


CMake Deprecation Warning at managed_components/espressif__esp-tflite-micro/CMakeLists.txt:3 (cmake_minimum_required):
  Compatibility with CMake < 3.10 will be removed from a future version of
  CMake.

  Update the VERSION argument <min> value.  Or, use the <min>...<max> syntax
  to tell CMake that the project requires at least <min> but has been updated
  to work with policies introduced by <max> or earlier.


